
> harness-template@0.1.0 check
> npm run lint && npm run build && npm test && npm run test:e2e


> harness-template@0.1.0 lint
> node scripts/check-tokens.mjs

Semantic color tokens: OK

> harness-template@0.1.0 build
> npm run typecheck && vite build


> harness-template@0.1.0 typecheck
> tsc --noEmit

vite v8.3.0 building client environment for production...
transforming...
✓ 2121 modules transformed.
rendering chunks...
computing gzip size...
dist/index.html                   0.45 kB │ gzip:   0.32 kB
dist/assets/index-LoIxc5-z.css   35.81 kB │ gzip:   6.49 kB
dist/assets/index-DMJXqu1b.js   530.38 kB │ gzip: 162.92 kB

[plugin builtin:vite-reporter] 
(!) Some chunks are larger than 500 kB after minification. Consider:
- Using dynamic import() to code-split the application
- Use build.rolldownOptions.output.codeSplitting to improve chunking: https://rolldown.rs/reference/OutputOptions.codeSplitting
- Adjust chunk size limit for this warning via build.chunkSizeWarningLimit.
✓ built in 312ms

> harness-template@0.1.0 test
> node --import tsx --test tests/*.test.ts

(node:8597) ExperimentalWarning: SQLite is an experimental feature and might change at any time
(Use `node --trace-warnings ...` to show where the warning was created)
✔ Agent contracts require another runtime, retain review proof and deduplicate repeated content (18.487166ms)
✔ Operator mode reviews but does not register contracts or approve draft tasks (9.513417ms)
✔ Blocking findings reject even approved=true and do not enable execution (8.746833ms)
✔ Agent plan approval is bound to reviewed specifications and preserves contract requirements (16.007208ms)
✔ Agent cannot accept a board containing unverified work (3.779917ms)
(node:8598) ExperimentalWarning: SQLite is an experimental feature and might change at any time
(Use `node --trace-warnings ...` to show where the warning was created)
✔ Every pinned profile has an executable test gate and mobile limits concurrency (16.060333ms)
✔ Local config rejects same-runtime self-review, demo adapters and escaping reports (4.792375ms)
(node:8599) ExperimentalWarning: SQLite is an experimental feature and might change at any time
(Use `node --trace-warnings ...` to show where the warning was created)
✔ DAG rejects cycles and missing dependencies atomically (12.468916ms)
✔ Approval binds contracts and spec; dependent jobs wait for accepted predecessor (11.724167ms)
✔ Concurrent store clients cannot claim one task twice (4.981167ms)
✔ Expired attempts are fenced, retries get fresh run IDs and tokens (6.711209ms)
✔ Done requires exact SHA test evidence and independent review for BOTH phases (7.785166ms)
✔ Correction makes a new transitive chain and preserves immutable accepted snapshot (14.211291ms)
✔ Cross-board impact is included in correction, unrelated tasks keep their results (16.707417ms)
✔ Board acceptance rejects empty, incomplete and unapproved tasks (4.0585ms)
✔ Cancelled runs cannot publish and cancelled drafts can return to draft (6.953084ms)
✔ Optimistic draft editing rejects stale client and atomic publish failure cannot mark done (7.476084ms)
✔ Plan import accepts forward references, rejects cycles without partial writes (7.098708ms)
✔ Contract approval is a real gate: architecture can start while implementation stays draft (5.213292ms)
✔ Repeated partial correction follows current replacements, never clones superseded history again (13.006625ms)
✔ Mixed runtimes route every role to its independent reviewer and retain configured model (4.316417ms)
(node:8600) ExperimentalWarning: SQLite is an experimental feature and might change at any time
(Use `node --trace-warnings ...` to show where the warning was created)
✔ Gate DAG sorts prerequisites and rejects unknown/cyclic dependencies; component graph fails closed (5.758167ms)
✔ Discovered debt becomes a deduplicated draft with provenance; scope and context are approved specification (11.754542ms)
✔ Pinned role/library documents are selected reproducibly, delivered to writer and reviewer and persisted with each run (82716.732834ms)
✔ Unknown context/resources and unpinned instructions cannot silently run (26257.595583ms)
✔ Role and task write scopes reject an otherwise passing implementation before integration (24548.151ms)
✔ Generated files are protected and implementation discoveries enter the existing board automatically (75071.845375ms)
✔ Ordered codegen runs from its cwd before a real test in candidate and integration (52108.676209ms)
✔ A host resource is exclusive across processes and aliases; TTL alone cannot steal ownership (205.994916ms)
✔ Resource acquisition is all-or-nothing; cancellation and failure release only owned leases (107.363625ms)
(node:8601) ExperimentalWarning: SQLite is an experimental feature and might change at any time
(Use `node --trace-warnings ...` to show where the warning was created)
✔ Loopback API rejects cross-origin writes, validates input and survives missing assets (40.004792ms)
✔ Two workspace servers use distinct ports and report their own state paths (13.572375ms)
(node:8602) ExperimentalWarning: SQLite is an experimental feature and might change at any time
(Use `node --trace-warnings ...` to show where the warning was created)
✔ Real git pipeline integrates concurrent siblings and verifies every candidate and merged SHA (127856.197667ms)
✔ A missing required tool fails closed and never advances integration ref (26214.923667ms)
✔ A reviewer refusal blocks publication (23109.205042ms)
✔ Changes to gate policy files are rejected before commit (19036.242292ms)
✔ Crash after Git publication is reconciled from persisted evidence without running models again (51167.058708ms)
✔ JUnit rejects empty/malformed reports and distinguishes skipped tests from pass (0.935334ms)
✔ CLI adapters use structured outputs, stdin prompts and restricted review permissions (0.10725ms)
✔ Process timeout interrupts actual child processes (80.638541ms)
(node:8603) ExperimentalWarning: SQLite is an experimental feature and might change at any time
(Use `node --trace-warnings ...` to show where the warning was created)
✔ Product commands require scope; invalid or conflicting scope never silently selects demo (2.028417ms)
✔ Bare CLI fails before creating demo files; two CLI sessions address separate workspace databases (4089.820083ms)
✔ Workspace setup preserves an existing scope and rejects a workspace inside the product (1331.557375ms)
✔ Setup starts from only a Markdown spec, copies hidden roles and pins an agent-mode config (672.18025ms)
✔ Setup preserves existing files and explicit operator mode across repeated preparation (1710.042166ms)
✔ Setup rejects escaping symlinks and invalid specs before copying any rules (459.0195ms)
✔ Setup refuses an accidental child of another real Git repository (1114.437ms)
✔ CLI setup supports explicit legacy data without bootstrapping a demo (1529.481459ms)
(node:8605) ExperimentalWarning: SQLite is an experimental feature and might change at any time
(Use `node --trace-warnings ...` to show where the warning was created)
✔ Real multi-repo DAG, isolated ownership, failing then passing pinned integration and immutable diary (58708.983125ms)
✔ Verification fences expired runs, stops task claims, checks gate coverage and rejects changed policy (11.305292ms)
✔ Workspace gates cannot change manifest or another component source (17912.3255ms)
✔ Workspace setup preserves policy on repeat and detects a competing controller (9969.289958ms)
✔ Projection failure never rolls back an already committed task event (3.028417ms)
✔ Legacy single-repository state retains its approved spec digest after migration (5.672417ms)
✔ Consumer impact executes prerequisites and affected product tests on real repository SHAs (67698.777375ms)
ℹ tests 55
ℹ suites 0
ℹ pass 55
ℹ fail 0
ℹ cancelled 0
ℹ skipped 0
ℹ todo 0
ℹ duration_ms 261640.663584

> harness-template@0.1.0 test:e2e
> playwright test

[WebServer] (node:61296) Warning: The 'NO_COLOR' env is ignored due to the 'FORCE_COLOR' env being set.
[WebServer] (Use `node --trace-warnings ...` to show where the warning was created)
[WebServer] (node:61296) Warning: The 'NO_COLOR' env is ignored due to the 'FORCE_COLOR' env being set.
[WebServer] (Use `node --trace-warnings ...` to show where the warning was created)
[WebServer] (node:61296) ExperimentalWarning: SQLite is an experimental feature and might change at any time

Running 4 tests using 1 worker

(node:63585) Warning: The 'NO_COLOR' env is ignored due to the 'FORCE_COLOR' env being set.
(Use `node --trace-warnings ...` to show where the warning was created)
  ✘  1 e2e/harness.spec.ts:3:1 › Plan → parallel execution → acceptance → correction → acceptance preserves prior revision (1ms)
(node:63588) Warning: The 'NO_COLOR' env is ignored due to the 'FORCE_COLOR' env being set.
(Use `node --trace-warnings ...` to show where the warning was created)
  ✘  2 e2e/harness.spec.ts:40:1 › Operator can create a board, tasks and dependency; invalid cycle is explained (0ms)
(node:63590) Warning: The 'NO_COLOR' env is ignored due to the 'FORCE_COLOR' env being set.
(Use `node --trace-warnings ...` to show where the warning was created)
  ✘  3 e2e/harness.spec.ts:79:1 › Desktop and mobile views are accessible and do not overflow (1ms)
(node:63593) Warning: The 'NO_COLOR' env is ignored due to the 'FORCE_COLOR' env being set.
(Use `node --trace-warnings ...` to show where the warning was created)
  ✓  4 e2e/harness.spec.ts:98:1 › Local API rejects foreign origins and malformed changes (49ms)


  1) e2e/harness.spec.ts:3:1 › Plan → parallel execution → acceptance → correction → acceptance preserves prior revision 

    Error: browserType.launch: Target page, context or browser has been closed
    Browser logs:

    <launching> /Users/antonstepanov/Library/Caches/ms-playwright/chromium_headless_shell-1243/chrome-headless-shell-mac-arm64/chrome-headless-shell --disable-field-trial-config --disable-background-networking --disable-background-timer-throttling --disable-backgrounding-occluded-windows --disable-back-forward-cache --disable-breakpad --disable-client-side-phishing-detection --disable-component-extensions-with-background-pages --disable-component-update --no-default-browser-check --disable-default-apps --disable-dev-shm-usage --disable-edgeupdater --disable-extensions --disable-features=AvoidUnnecessaryBeforeUnloadCheckSync,DestroyProfileOnBrowserClose,DialMediaRouteProvider,GlobalMediaControls,HttpsUpgrades,LensOverlay,MediaRouter,PaintHolding,ThirdPartyStoragePartitioning,BlockOriginHeaderModificationOnRedirect,Translate,AutoDeElevate,OptimizationHints,msForceBrowserSignIn,msEdgeUpdateLaunchServicesPreferredVersion --enable-features=CDPScreenshotNewSurface --allow-pre-commit-input --disable-hang-monitor --disable-ipc-flooding-protection --disable-popup-blocking --disable-prompt-on-repost --disable-renderer-backgrounding --disable-updater-scheduler --force-color-profile=srgb --metrics-recording-only --no-first-run --password-store=basic --use-mock-keychain --no-service-autorun --export-tagged-pdf --disable-search-engine-choice-screen --unsafely-disable-devtools-self-xss-warnings --edge-skip-compat-layer-relaunch --disable-infobars --disable-search-engine-choice-screen --disable-sync --enable-unsafe-swiftshader --headless --hide-scrollbars --mute-audio --blink-settings=primaryHoverType=2,availableHoverTypes=2,primaryPointerType=4,availablePointerTypes=4 --no-sandbox --user-data-dir=/var/folders/z1/_4dp8kz54v3bhyt_gkhxcnyr0000gn/T/playwright_chromiumdev_profile-DunfYa --remote-debugging-pipe --no-startup-window
    <launched> pid=63586
    [pid=63586][err] [0917/104532.510744:ERROR:base/power_monitor/thermal_state_observer_mac.mm:140] ThermalStateObserverMac unable to register to power notifications. Result: 9
    [pid=63586][err] [0917/104532.532141:ERROR:net/dns/dns_config_service_posix.cc:138] DNS config watch failed to start.
    [pid=63586][err] [0917/104532.543094:FATAL:base/apple/mach_port_rendezvous_mac.cc:159] Check failed: kr == KERN_SUCCESS. bootstrap_check_in org.chromium.Chromium.MachPortRendezvousServer.63586: Permission denied (1100)
    Call log:
      - <launching> /Users/antonstepanov/Library/Caches/ms-playwright/chromium_headless_shell-1243/chrome-headless-shell-mac-arm64/chrome-headless-shell --disable-field-trial-config --disable-background-networking --disable-background-timer-throttling --disable-backgrounding-occluded-windows --disable-back-forward-cache --disable-breakpad --disable-client-side-phishing-detection --disable-component-extensions-with-background-pages --disable-component-update --no-default-browser-check --disable-default-apps --disable-dev-shm-usage --disable-edgeupdater --disable-extensions --disable-features=AvoidUnnecessaryBeforeUnloadCheckSync,DestroyProfileOnBrowserClose,DialMediaRouteProvider,GlobalMediaControls,HttpsUpgrades,LensOverlay,MediaRouter,PaintHolding,ThirdPartyStoragePartitioning,BlockOriginHeaderModificationOnRedirect,Translate,AutoDeElevate,OptimizationHints,msForceBrowserSignIn,msEdgeUpdateLaunchServicesPreferredVersion --enable-features=CDPScreenshotNewSurface --allow-pre-commit-input --disable-hang-monitor --disable-ipc-flooding-protection --disable-popup-blocking --disable-prompt-on-repost --disable-renderer-backgrounding --disable-updater-scheduler --force-color-profile=srgb --metrics-recording-only --no-first-run --password-store=basic --use-mock-keychain --no-service-autorun --export-tagged-pdf --disable-search-engine-choice-screen --unsafely-disable-devtools-self-xss-warnings --edge-skip-compat-layer-relaunch --disable-infobars --disable-search-engine-choice-screen --disable-sync --enable-unsafe-swiftshader --headless --hide-scrollbars --mute-audio --blink-settings=primaryHoverType=2,availableHoverTypes=2,primaryPointerType=4,availablePointerTypes=4 --no-sandbox --user-data-dir=/var/folders/z1/_4dp8kz54v3bhyt_gkhxcnyr0000gn/T/playwright_chromiumdev_profile-DunfYa --remote-debugging-pipe --no-startup-window
      - <launched> pid=63586
      - [pid=63586][err] [0917/104532.510744:ERROR:base/power_monitor/thermal_state_observer_mac.mm:140] ThermalStateObserverMac unable to register to power notifications. Result: 9
      - [pid=63586][err] [0917/104532.532141:ERROR:net/dns/dns_config_service_posix.cc:138] DNS config watch failed to start.
      - [pid=63586][err] [0917/104532.543094:FATAL:base/apple/mach_port_rendezvous_mac.cc:159] Check failed: kr == KERN_SUCCESS. bootstrap_check_in org.chromium.Chromium.MachPortRendezvousServer.63586: Permission denied (1100)
      - [pid=63586] <gracefully close start>
      - [pid=63586] <kill>
      - [pid=63586] <will force kill>
      - [pid=63586] exception while trying to kill process: Error: kill EPERM
      - [pid=63586] <process did exit: exitCode=null, signal=SIGTRAP>
      - [pid=63586] starting temporary directories cleanup
      - [pid=63586] finished temporary directories cleanup
      - [pid=63586] <gracefully close end>


    Error Context: test-results/harness-Plan-→-parallel-ex-2a0cb-ce-preserves-prior-revision/error-context.md

    attachment #2: trace (application/zip) ─────────────────────────────────────────────────────────
    test-results/harness-Plan-→-parallel-ex-2a0cb-ce-preserves-prior-revision/trace.zip
    Usage:

        npx playwright show-trace test-results/harness-Plan-→-parallel-ex-2a0cb-ce-preserves-prior-revision/trace.zip

    ────────────────────────────────────────────────────────────────────────────────────────────────

  2) e2e/harness.spec.ts:40:1 › Operator can create a board, tasks and dependency; invalid cycle is explained 

    Error: browserType.launch: Target page, context or browser has been closed
    Browser logs:

    <launching> /Users/antonstepanov/Library/Caches/ms-playwright/chromium_headless_shell-1243/chrome-headless-shell-mac-arm64/chrome-headless-shell --disable-field-trial-config --disable-background-networking --disable-background-timer-throttling --disable-backgrounding-occluded-windows --disable-back-forward-cache --disable-breakpad --disable-client-side-phishing-detection --disable-component-extensions-with-background-pages --disable-component-update --no-default-browser-check --disable-default-apps --disable-dev-shm-usage --disable-edgeupdater --disable-extensions --disable-features=AvoidUnnecessaryBeforeUnloadCheckSync,DestroyProfileOnBrowserClose,DialMediaRouteProvider,GlobalMediaControls,HttpsUpgrades,LensOverlay,MediaRouter,PaintHolding,ThirdPartyStoragePartitioning,BlockOriginHeaderModificationOnRedirect,Translate,AutoDeElevate,OptimizationHints,msForceBrowserSignIn,msEdgeUpdateLaunchServicesPreferredVersion --enable-features=CDPScreenshotNewSurface --allow-pre-commit-input --disable-hang-monitor --disable-ipc-flooding-protection --disable-popup-blocking --disable-prompt-on-repost --disable-renderer-backgrounding --disable-updater-scheduler --force-color-profile=srgb --metrics-recording-only --no-first-run --password-store=basic --use-mock-keychain --no-service-autorun --export-tagged-pdf --disable-search-engine-choice-screen --unsafely-disable-devtools-self-xss-warnings --edge-skip-compat-layer-relaunch --disable-infobars --disable-search-engine-choice-screen --disable-sync --enable-unsafe-swiftshader --headless --hide-scrollbars --mute-audio --blink-settings=primaryHoverType=2,availableHoverTypes=2,primaryPointerType=4,availablePointerTypes=4 --no-sandbox --user-data-dir=/var/folders/z1/_4dp8kz54v3bhyt_gkhxcnyr0000gn/T/playwright_chromiumdev_profile-E2TTH3 --remote-debugging-pipe --no-startup-window
    <launched> pid=63589
    [pid=63589][err] [0917/104533.230638:ERROR:base/power_monitor/thermal_state_observer_mac.mm:140] ThermalStateObserverMac unable to register to power notifications. Result: 9
    [pid=63589][err] [0917/104533.232522:ERROR:net/dns/dns_config_service_posix.cc:138] DNS config watch failed to start.
    [pid=63589][err] [0917/104533.232964:FATAL:base/apple/mach_port_rendezvous_mac.cc:159] Check failed: kr == KERN_SUCCESS. bootstrap_check_in org.chromium.Chromium.MachPortRendezvousServer.63589: Permission denied (1100)
    Call log:
      - <launching> /Users/antonstepanov/Library/Caches/ms-playwright/chromium_headless_shell-1243/chrome-headless-shell-mac-arm64/chrome-headless-shell --disable-field-trial-config --disable-background-networking --disable-background-timer-throttling --disable-backgrounding-occluded-windows --disable-back-forward-cache --disable-breakpad --disable-client-side-phishing-detection --disable-component-extensions-with-background-pages --disable-component-update --no-default-browser-check --disable-default-apps --disable-dev-shm-usage --disable-edgeupdater --disable-extensions --disable-features=AvoidUnnecessaryBeforeUnloadCheckSync,DestroyProfileOnBrowserClose,DialMediaRouteProvider,GlobalMediaControls,HttpsUpgrades,LensOverlay,MediaRouter,PaintHolding,ThirdPartyStoragePartitioning,BlockOriginHeaderModificationOnRedirect,Translate,AutoDeElevate,OptimizationHints,msForceBrowserSignIn,msEdgeUpdateLaunchServicesPreferredVersion --enable-features=CDPScreenshotNewSurface --allow-pre-commit-input --disable-hang-monitor --disable-ipc-flooding-protection --disable-popup-blocking --disable-prompt-on-repost --disable-renderer-backgrounding --disable-updater-scheduler --force-color-profile=srgb --metrics-recording-only --no-first-run --password-store=basic --use-mock-keychain --no-service-autorun --export-tagged-pdf --disable-search-engine-choice-screen --unsafely-disable-devtools-self-xss-warnings --edge-skip-compat-layer-relaunch --disable-infobars --disable-search-engine-choice-screen --disable-sync --enable-unsafe-swiftshader --headless --hide-scrollbars --mute-audio --blink-settings=primaryHoverType=2,availableHoverTypes=2,primaryPointerType=4,availablePointerTypes=4 --no-sandbox --user-data-dir=/var/folders/z1/_4dp8kz54v3bhyt_gkhxcnyr0000gn/T/playwright_chromiumdev_profile-E2TTH3 --remote-debugging-pipe --no-startup-window
      - <launched> pid=63589
      - [pid=63589][err] [0917/104533.230638:ERROR:base/power_monitor/thermal_state_observer_mac.mm:140] ThermalStateObserverMac unable to register to power notifications. Result: 9
      - [pid=63589][err] [0917/104533.232522:ERROR:net/dns/dns_config_service_posix.cc:138] DNS config watch failed to start.
      - [pid=63589][err] [0917/104533.232964:FATAL:base/apple/mach_port_rendezvous_mac.cc:159] Check failed: kr == KERN_SUCCESS. bootstrap_check_in org.chromium.Chromium.MachPortRendezvousServer.63589: Permission denied (1100)
      - [pid=63589] <gracefully close start>
      - [pid=63589] <kill>
      - [pid=63589] <will force kill>
      - [pid=63589] exception while trying to kill process: Error: kill EPERM
      - [pid=63589] <process did exit: exitCode=null, signal=SIGTRAP>
      - [pid=63589] starting temporary directories cleanup
      - [pid=63589] finished temporary directories cleanup
      - [pid=63589] <gracefully close end>


    Error Context: test-results/harness-Operator-can-creat-2bc62--invalid-cycle-is-explained/error-context.md

    attachment #2: trace (application/zip) ─────────────────────────────────────────────────────────
    test-results/harness-Operator-can-creat-2bc62--invalid-cycle-is-explained/trace.zip
    Usage:

        npx playwright show-trace test-results/harness-Operator-can-creat-2bc62--invalid-cycle-is-explained/trace.zip

    ────────────────────────────────────────────────────────────────────────────────────────────────

  3) e2e/harness.spec.ts:79:1 › Desktop and mobile views are accessible and do not overflow ────────

    Error: browserType.launch: Target page, context or browser has been closed
    Browser logs:

    <launching> /Users/antonstepanov/Library/Caches/ms-playwright/chromium_headless_shell-1243/chrome-headless-shell-mac-arm64/chrome-headless-shell --disable-field-trial-config --disable-background-networking --disable-background-timer-throttling --disable-backgrounding-occluded-windows --disable-back-forward-cache --disable-breakpad --disable-client-side-phishing-detection --disable-component-extensions-with-background-pages --disable-component-update --no-default-browser-check --disable-default-apps --disable-dev-shm-usage --disable-edgeupdater --disable-extensions --disable-features=AvoidUnnecessaryBeforeUnloadCheckSync,DestroyProfileOnBrowserClose,DialMediaRouteProvider,GlobalMediaControls,HttpsUpgrades,LensOverlay,MediaRouter,PaintHolding,ThirdPartyStoragePartitioning,BlockOriginHeaderModificationOnRedirect,Translate,AutoDeElevate,OptimizationHints,msForceBrowserSignIn,msEdgeUpdateLaunchServicesPreferredVersion --enable-features=CDPScreenshotNewSurface --allow-pre-commit-input --disable-hang-monitor --disable-ipc-flooding-protection --disable-popup-blocking --disable-prompt-on-repost --disable-renderer-backgrounding --disable-updater-scheduler --force-color-profile=srgb --metrics-recording-only --no-first-run --password-store=basic --use-mock-keychain --no-service-autorun --export-tagged-pdf --disable-search-engine-choice-screen --unsafely-disable-devtools-self-xss-warnings --edge-skip-compat-layer-relaunch --disable-infobars --disable-search-engine-choice-screen --disable-sync --enable-unsafe-swiftshader --headless --hide-scrollbars --mute-audio --blink-settings=primaryHoverType=2,availableHoverTypes=2,primaryPointerType=4,availablePointerTypes=4 --no-sandbox --user-data-dir=/var/folders/z1/_4dp8kz54v3bhyt_gkhxcnyr0000gn/T/playwright_chromiumdev_profile-hkhTVg --remote-debugging-pipe --no-startup-window
    <launched> pid=63591
    [pid=63591][err] [0917/104534.001558:ERROR:base/power_monitor/thermal_state_observer_mac.mm:140] ThermalStateObserverMac unable to register to power notifications. Result: 9
    [pid=63591][err] [0917/104534.005045:ERROR:net/dns/dns_config_service_posix.cc:138] DNS config watch failed to start.
    [pid=63591][err] [0917/104534.006006:FATAL:base/apple/mach_port_rendezvous_mac.cc:159] Check failed: kr == KERN_SUCCESS. bootstrap_check_in org.chromium.Chromium.MachPortRendezvousServer.63591: Permission denied (1100)
    Call log:
      - <launching> /Users/antonstepanov/Library/Caches/ms-playwright/chromium_headless_shell-1243/chrome-headless-shell-mac-arm64/chrome-headless-shell --disable-field-trial-config --disable-background-networking --disable-background-timer-throttling --disable-backgrounding-occluded-windows --disable-back-forward-cache --disable-breakpad --disable-client-side-phishing-detection --disable-component-extensions-with-background-pages --disable-component-update --no-default-browser-check --disable-default-apps --disable-dev-shm-usage --disable-edgeupdater --disable-extensions --disable-features=AvoidUnnecessaryBeforeUnloadCheckSync,DestroyProfileOnBrowserClose,DialMediaRouteProvider,GlobalMediaControls,HttpsUpgrades,LensOverlay,MediaRouter,PaintHolding,ThirdPartyStoragePartitioning,BlockOriginHeaderModificationOnRedirect,Translate,AutoDeElevate,OptimizationHints,msForceBrowserSignIn,msEdgeUpdateLaunchServicesPreferredVersion --enable-features=CDPScreenshotNewSurface --allow-pre-commit-input --disable-hang-monitor --disable-ipc-flooding-protection --disable-popup-blocking --disable-prompt-on-repost --disable-renderer-backgrounding --disable-updater-scheduler --force-color-profile=srgb --metrics-recording-only --no-first-run --password-store=basic --use-mock-keychain --no-service-autorun --export-tagged-pdf --disable-search-engine-choice-screen --unsafely-disable-devtools-self-xss-warnings --edge-skip-compat-layer-relaunch --disable-infobars --disable-search-engine-choice-screen --disable-sync --enable-unsafe-swiftshader --headless --hide-scrollbars --mute-audio --blink-settings=primaryHoverType=2,availableHoverTypes=2,primaryPointerType=4,availablePointerTypes=4 --no-sandbox --user-data-dir=/var/folders/z1/_4dp8kz54v3bhyt_gkhxcnyr0000gn/T/playwright_chromiumdev_profile-hkhTVg --remote-debugging-pipe --no-startup-window
      - <launched> pid=63591
      - [pid=63591][err] [0917/104534.001558:ERROR:base/power_monitor/thermal_state_observer_mac.mm:140] ThermalStateObserverMac unable to register to power notifications. Result: 9
      - [pid=63591][err] [0917/104534.005045:ERROR:net/dns/dns_config_service_posix.cc:138] DNS config watch failed to start.
      - [pid=63591][err] [0917/104534.006006:FATAL:base/apple/mach_port_rendezvous_mac.cc:159] Check failed: kr == KERN_SUCCESS. bootstrap_check_in org.chromium.Chromium.MachPortRendezvousServer.63591: Permission denied (1100)
      - [pid=63591] <gracefully close start>
      - [pid=63591] <kill>
      - [pid=63591] <will force kill>
      - [pid=63591] exception while trying to kill process: Error: kill EPERM
      - [pid=63591] <process did exit: exitCode=null, signal=SIGTRAP>
      - [pid=63591] starting temporary directories cleanup
      - [pid=63591] finished temporary directories cleanup
      - [pid=63591] <gracefully close end>


    Error Context: test-results/harness-Desktop-and-mobile-718a5-essible-and-do-not-overflow/error-context.md

    attachment #2: trace (application/zip) ─────────────────────────────────────────────────────────
    test-results/harness-Desktop-and-mobile-718a5-essible-and-do-not-overflow/trace.zip
    Usage:

        npx playwright show-trace test-results/harness-Desktop-and-mobile-718a5-essible-and-do-not-overflow/trace.zip

    ────────────────────────────────────────────────────────────────────────────────────────────────

  3 failed
    e2e/harness.spec.ts:3:1 › Plan → parallel execution → acceptance → correction → acceptance preserves prior revision 
    e2e/harness.spec.ts:40:1 › Operator can create a board, tasks and dependency; invalid cycle is explained 
    e2e/harness.spec.ts:79:1 › Desktop and mobile views are accessible and do not overflow ─────────
  1 passed (17.8s)
