
> devcontour@0.3.0 test:e2e
> playwright test

[WebServer] (node:70040) Warning: The 'NO_COLOR' env is ignored due to the 'FORCE_COLOR' env being set.
[WebServer] (Use `node --trace-warnings ...` to show where the warning was created)
[WebServer] (node:70040) Warning: The 'NO_COLOR' env is ignored due to the 'FORCE_COLOR' env being set.
[WebServer] (Use `node --trace-warnings ...` to show where the warning was created)
[WebServer] (node:70040) ExperimentalWarning: SQLite is an experimental feature and might change at any time

Running 4 tests using 1 worker

(node:75152) Warning: The 'NO_COLOR' env is ignored due to the 'FORCE_COLOR' env being set.
(Use `node --trace-warnings ...` to show where the warning was created)
  ✘  1 e2e/harness.spec.ts:3:1 › Plan → parallel execution → acceptance → correction → acceptance preserves prior revision (1ms)
(node:75425) Warning: The 'NO_COLOR' env is ignored due to the 'FORCE_COLOR' env being set.
(Use `node --trace-warnings ...` to show where the warning was created)
  ✘  2 e2e/harness.spec.ts:43:1 › Operator can create a board, tasks and dependency; invalid cycle is explained (1ms)
(node:75653) Warning: The 'NO_COLOR' env is ignored due to the 'FORCE_COLOR' env being set.
(Use `node --trace-warnings ...` to show where the warning was created)
  ✘  3 e2e/harness.spec.ts:82:1 › Desktop and mobile views are accessible and do not overflow (1ms)
(node:75864) Warning: The 'NO_COLOR' env is ignored due to the 'FORCE_COLOR' env being set.
(Use `node --trace-warnings ...` to show where the warning was created)
  ✓  4 e2e/harness.spec.ts:101:1 › Local API rejects foreign origins and malformed changes (27ms)


  1) e2e/harness.spec.ts:3:1 › Plan → parallel execution → acceptance → correction → acceptance preserves prior revision

    Error: browserType.launch: Target page, context or browser has been closed
    Browser logs:

    <launching> <home>/Library/Caches/ms-playwright/chromium_headless_shell-1243/chrome-headless-shell-mac-arm64/chrome-headless-shell --disable-field-trial-config --disable-background-networking --disable-background-timer-throttling --disable-backgrounding-occluded-windows --disable-back-forward-cache --disable-breakpad --disable-client-side-phishing-detection --disable-component-extensions-with-background-pages --disable-component-update --no-default-browser-check --disable-default-apps --disable-dev-shm-usage --disable-edgeupdater --disable-extensions --disable-features=AvoidUnnecessaryBeforeUnloadCheckSync,DestroyProfileOnBrowserClose,DialMediaRouteProvider,GlobalMediaControls,HttpsUpgrades,LensOverlay,MediaRouter,PaintHolding,ThirdPartyStoragePartitioning,BlockOriginHeaderModificationOnRedirect,Translate,AutoDeElevate,OptimizationHints,msForceBrowserSignIn,msEdgeUpdateLaunchServicesPreferredVersion --enable-features=CDPScreenshotNewSurface --allow-pre-commit-input --disable-hang-monitor --disable-ipc-flooding-protection --disable-popup-blocking --disable-prompt-on-repost --disable-renderer-backgrounding --disable-updater-scheduler --force-color-profile=srgb --metrics-recording-only --no-first-run --password-store=basic --use-mock-keychain --no-service-autorun --export-tagged-pdf --disable-search-engine-choice-screen --unsafely-disable-devtools-self-xss-warnings --edge-skip-compat-layer-relaunch --disable-infobars --disable-search-engine-choice-screen --disable-sync --enable-unsafe-swiftshader --headless --hide-scrollbars --mute-audio --blink-settings=primaryHoverType=2,availableHoverTypes=2,primaryPointerType=4,availablePointerTypes=4 --no-sandbox --user-data-dir=<tmp>/playwright_chromiumdev_profile-L7tguz --remote-debugging-pipe --no-startup-window
    <launched> pid=75292
    [pid=75292][err] [0918/110102.718499:ERROR:base/power_monitor/thermal_state_observer_mac.mm:140] ThermalStateObserverMac unable to register to power notifications. Result: 9
    [pid=75292][err] [0918/110102.736024:ERROR:net/dns/dns_config_service_posix.cc:138] DNS config watch failed to start.
    [pid=75292][err] [0918/110102.743351:FATAL:base/apple/mach_port_rendezvous_mac.cc:159] Check failed: kr == KERN_SUCCESS. bootstrap_check_in org.chromium.Chromium.MachPortRendezvousServer.75292: Permission denied (1100)
    [pid=75292] <process did exit: exitCode=null, signal=SIGTRAP>
    [pid=75292] starting temporary directories cleanup
    Call log:
      - <launching> <home>/Library/Caches/ms-playwright/chromium_headless_shell-1243/chrome-headless-shell-mac-arm64/chrome-headless-shell --disable-field-trial-config --disable-background-networking --disable-background-timer-throttling --disable-backgrounding-occluded-windows --disable-back-forward-cache --disable-breakpad --disable-client-side-phishing-detection --disable-component-extensions-with-background-pages --disable-component-update --no-default-browser-check --disable-default-apps --disable-dev-shm-usage --disable-edgeupdater --disable-extensions --disable-features=AvoidUnnecessaryBeforeUnloadCheckSync,DestroyProfileOnBrowserClose,DialMediaRouteProvider,GlobalMediaControls,HttpsUpgrades,LensOverlay,MediaRouter,PaintHolding,ThirdPartyStoragePartitioning,BlockOriginHeaderModificationOnRedirect,Translate,AutoDeElevate,OptimizationHints,msForceBrowserSignIn,msEdgeUpdateLaunchServicesPreferredVersion --enable-features=CDPScreenshotNewSurface --allow-pre-commit-input --disable-hang-monitor --disable-ipc-flooding-protection --disable-popup-blocking --disable-prompt-on-repost --disable-renderer-backgrounding --disable-updater-scheduler --force-color-profile=srgb --metrics-recording-only --no-first-run --password-store=basic --use-mock-keychain --no-service-autorun --export-tagged-pdf --disable-search-engine-choice-screen --unsafely-disable-devtools-self-xss-warnings --edge-skip-compat-layer-relaunch --disable-infobars --disable-search-engine-choice-screen --disable-sync --enable-unsafe-swiftshader --headless --hide-scrollbars --mute-audio --blink-settings=primaryHoverType=2,availableHoverTypes=2,primaryPointerType=4,availablePointerTypes=4 --no-sandbox --user-data-dir=<tmp>/playwright_chromiumdev_profile-L7tguz --remote-debugging-pipe --no-startup-window
      - <launched> pid=75292
      - [pid=75292][err] [0918/110102.718499:ERROR:base/power_monitor/thermal_state_observer_mac.mm:140] ThermalStateObserverMac unable to register to power notifications. Result: 9
      - [pid=75292][err] [0918/110102.736024:ERROR:net/dns/dns_config_service_posix.cc:138] DNS config watch failed to start.
      - [pid=75292][err] [0918/110102.743351:FATAL:base/apple/mach_port_rendezvous_mac.cc:159] Check failed: kr == KERN_SUCCESS. bootstrap_check_in org.chromium.Chromium.MachPortRendezvousServer.75292: Permission denied (1100)
      - [pid=75292] <process did exit: exitCode=null, signal=SIGTRAP>
      - [pid=75292] starting temporary directories cleanup
      - [pid=75292] <gracefully close start>
      - [pid=75292] <kill>
      - [pid=75292] <skipped force kill spawnedProcess.killed=false processClosed=true>
      - [pid=75292] finished temporary directories cleanup
      - [pid=75292] <gracefully close end>


    Error Context: test-results/harness-Plan-→-parallel-ex-2a0cb-ce-preserves-prior-revision/error-context.md

    attachment #2: trace (application/zip) ─────────────────────────────────────────────────────────
    test-results/harness-Plan-→-parallel-ex-2a0cb-ce-preserves-prior-revision/trace.zip
    Usage:

        npx playwright show-trace test-results/harness-Plan-→-parallel-ex-2a0cb-ce-preserves-prior-revision/trace.zip

    ────────────────────────────────────────────────────────────────────────────────────────────────

  2) e2e/harness.spec.ts:43:1 › Operator can create a board, tasks and dependency; invalid cycle is explained

    Error: browserType.launch: Target page, context or browser has been closed
    Browser logs:

    <launching> <home>/Library/Caches/ms-playwright/chromium_headless_shell-1243/chrome-headless-shell-mac-arm64/chrome-headless-shell --disable-field-trial-config --disable-background-networking --disable-background-timer-throttling --disable-backgrounding-occluded-windows --disable-back-forward-cache --disable-breakpad --disable-client-side-phishing-detection --disable-component-extensions-with-background-pages --disable-component-update --no-default-browser-check --disable-default-apps --disable-dev-shm-usage --disable-edgeupdater --disable-extensions --disable-features=AvoidUnnecessaryBeforeUnloadCheckSync,DestroyProfileOnBrowserClose,DialMediaRouteProvider,GlobalMediaControls,HttpsUpgrades,LensOverlay,MediaRouter,PaintHolding,ThirdPartyStoragePartitioning,BlockOriginHeaderModificationOnRedirect,Translate,AutoDeElevate,OptimizationHints,msForceBrowserSignIn,msEdgeUpdateLaunchServicesPreferredVersion --enable-features=CDPScreenshotNewSurface --allow-pre-commit-input --disable-hang-monitor --disable-ipc-flooding-protection --disable-popup-blocking --disable-prompt-on-repost --disable-renderer-backgrounding --disable-updater-scheduler --force-color-profile=srgb --metrics-recording-only --no-first-run --password-store=basic --use-mock-keychain --no-service-autorun --export-tagged-pdf --disable-search-engine-choice-screen --unsafely-disable-devtools-self-xss-warnings --edge-skip-compat-layer-relaunch --disable-infobars --disable-search-engine-choice-screen --disable-sync --enable-unsafe-swiftshader --headless --hide-scrollbars --mute-audio --blink-settings=primaryHoverType=2,availableHoverTypes=2,primaryPointerType=4,availablePointerTypes=4 --no-sandbox --user-data-dir=<tmp>/playwright_chromiumdev_profile-x8app1 --remote-debugging-pipe --no-startup-window
    <launched> pid=75550
    [pid=75550][err] [0918/110103.718838:ERROR:base/power_monitor/thermal_state_observer_mac.mm:140] ThermalStateObserverMac unable to register to power notifications. Result: 9
    [pid=75550][err] [0918/110103.720721:ERROR:net/dns/dns_config_service_posix.cc:138] DNS config watch failed to start.
    [pid=75550][err] [0918/110103.721437:FATAL:base/apple/mach_port_rendezvous_mac.cc:159] Check failed: kr == KERN_SUCCESS. bootstrap_check_in org.chromium.Chromium.MachPortRendezvousServer.75550: Permission denied (1100)
    Call log:
      - <launching> <home>/Library/Caches/ms-playwright/chromium_headless_shell-1243/chrome-headless-shell-mac-arm64/chrome-headless-shell --disable-field-trial-config --disable-background-networking --disable-background-timer-throttling --disable-backgrounding-occluded-windows --disable-back-forward-cache --disable-breakpad --disable-client-side-phishing-detection --disable-component-extensions-with-background-pages --disable-component-update --no-default-browser-check --disable-default-apps --disable-dev-shm-usage --disable-edgeupdater --disable-extensions --disable-features=AvoidUnnecessaryBeforeUnloadCheckSync,DestroyProfileOnBrowserClose,DialMediaRouteProvider,GlobalMediaControls,HttpsUpgrades,LensOverlay,MediaRouter,PaintHolding,ThirdPartyStoragePartitioning,BlockOriginHeaderModificationOnRedirect,Translate,AutoDeElevate,OptimizationHints,msForceBrowserSignIn,msEdgeUpdateLaunchServicesPreferredVersion --enable-features=CDPScreenshotNewSurface --allow-pre-commit-input --disable-hang-monitor --disable-ipc-flooding-protection --disable-popup-blocking --disable-prompt-on-repost --disable-renderer-backgrounding --disable-updater-scheduler --force-color-profile=srgb --metrics-recording-only --no-first-run --password-store=basic --use-mock-keychain --no-service-autorun --export-tagged-pdf --disable-search-engine-choice-screen --unsafely-disable-devtools-self-xss-warnings --edge-skip-compat-layer-relaunch --disable-infobars --disable-search-engine-choice-screen --disable-sync --enable-unsafe-swiftshader --headless --hide-scrollbars --mute-audio --blink-settings=primaryHoverType=2,availableHoverTypes=2,primaryPointerType=4,availablePointerTypes=4 --no-sandbox --user-data-dir=<tmp>/playwright_chromiumdev_profile-x8app1 --remote-debugging-pipe --no-startup-window
      - <launched> pid=75550
      - [pid=75550][err] [0918/110103.718838:ERROR:base/power_monitor/thermal_state_observer_mac.mm:140] ThermalStateObserverMac unable to register to power notifications. Result: 9
      - [pid=75550][err] [0918/110103.720721:ERROR:net/dns/dns_config_service_posix.cc:138] DNS config watch failed to start.
      - [pid=75550][err] [0918/110103.721437:FATAL:base/apple/mach_port_rendezvous_mac.cc:159] Check failed: kr == KERN_SUCCESS. bootstrap_check_in org.chromium.Chromium.MachPortRendezvousServer.75550: Permission denied (1100)
      - [pid=75550] <gracefully close start>
      - [pid=75550] <kill>
      - [pid=75550] <will force kill>
      - [pid=75550] exception while trying to kill process: Error: kill EPERM
      - [pid=75550] <process did exit: exitCode=null, signal=SIGTRAP>
      - [pid=75550] starting temporary directories cleanup
      - [pid=75550] finished temporary directories cleanup
      - [pid=75550] <gracefully close end>


    Error Context: test-results/harness-Operator-can-creat-2bc62--invalid-cycle-is-explained/error-context.md

    attachment #2: trace (application/zip) ─────────────────────────────────────────────────────────
    test-results/harness-Operator-can-creat-2bc62--invalid-cycle-is-explained/trace.zip
    Usage:

        npx playwright show-trace test-results/harness-Operator-can-creat-2bc62--invalid-cycle-is-explained/trace.zip

    ────────────────────────────────────────────────────────────────────────────────────────────────

  3) e2e/harness.spec.ts:82:1 › Desktop and mobile views are accessible and do not overflow ────────

    Error: browserType.launch: Target page, context or browser has been closed
    Browser logs:

    <launching> <home>/Library/Caches/ms-playwright/chromium_headless_shell-1243/chrome-headless-shell-mac-arm64/chrome-headless-shell --disable-field-trial-config --disable-background-networking --disable-background-timer-throttling --disable-backgrounding-occluded-windows --disable-back-forward-cache --disable-breakpad --disable-client-side-phishing-detection --disable-component-extensions-with-background-pages --disable-component-update --no-default-browser-check --disable-default-apps --disable-dev-shm-usage --disable-edgeupdater --disable-extensions --disable-features=AvoidUnnecessaryBeforeUnloadCheckSync,DestroyProfileOnBrowserClose,DialMediaRouteProvider,GlobalMediaControls,HttpsUpgrades,LensOverlay,MediaRouter,PaintHolding,ThirdPartyStoragePartitioning,BlockOriginHeaderModificationOnRedirect,Translate,AutoDeElevate,OptimizationHints,msForceBrowserSignIn,msEdgeUpdateLaunchServicesPreferredVersion --enable-features=CDPScreenshotNewSurface --allow-pre-commit-input --disable-hang-monitor --disable-ipc-flooding-protection --disable-popup-blocking --disable-prompt-on-repost --disable-renderer-backgrounding --disable-updater-scheduler --force-color-profile=srgb --metrics-recording-only --no-first-run --password-store=basic --use-mock-keychain --no-service-autorun --export-tagged-pdf --disable-search-engine-choice-screen --unsafely-disable-devtools-self-xss-warnings --edge-skip-compat-layer-relaunch --disable-infobars --disable-search-engine-choice-screen --disable-sync --enable-unsafe-swiftshader --headless --hide-scrollbars --mute-audio --blink-settings=primaryHoverType=2,availableHoverTypes=2,primaryPointerType=4,availablePointerTypes=4 --no-sandbox --user-data-dir=<tmp>/playwright_chromiumdev_profile-CXrPKr --remote-debugging-pipe --no-startup-window
    <launched> pid=75774
    [pid=75774][err] [0918/110104.609430:ERROR:base/power_monitor/thermal_state_observer_mac.mm:140] ThermalStateObserverMac unable to register to power notifications. Result: 9
    [pid=75774][err] [0918/110104.611529:ERROR:net/dns/dns_config_service_posix.cc:138] DNS config watch failed to start.
    [pid=75774][err] [0918/110104.612033:FATAL:base/apple/mach_port_rendezvous_mac.cc:159] Check failed: kr == KERN_SUCCESS. bootstrap_check_in org.chromium.Chromium.MachPortRendezvousServer.75774: Permission denied (1100)
    Call log:
      - <launching> <home>/Library/Caches/ms-playwright/chromium_headless_shell-1243/chrome-headless-shell-mac-arm64/chrome-headless-shell --disable-field-trial-config --disable-background-networking --disable-background-timer-throttling --disable-backgrounding-occluded-windows --disable-back-forward-cache --disable-breakpad --disable-client-side-phishing-detection --disable-component-extensions-with-background-pages --disable-component-update --no-default-browser-check --disable-default-apps --disable-dev-shm-usage --disable-edgeupdater --disable-extensions --disable-features=AvoidUnnecessaryBeforeUnloadCheckSync,DestroyProfileOnBrowserClose,DialMediaRouteProvider,GlobalMediaControls,HttpsUpgrades,LensOverlay,MediaRouter,PaintHolding,ThirdPartyStoragePartitioning,BlockOriginHeaderModificationOnRedirect,Translate,AutoDeElevate,OptimizationHints,msForceBrowserSignIn,msEdgeUpdateLaunchServicesPreferredVersion --enable-features=CDPScreenshotNewSurface --allow-pre-commit-input --disable-hang-monitor --disable-ipc-flooding-protection --disable-popup-blocking --disable-prompt-on-repost --disable-renderer-backgrounding --disable-updater-scheduler --force-color-profile=srgb --metrics-recording-only --no-first-run --password-store=basic --use-mock-keychain --no-service-autorun --export-tagged-pdf --disable-search-engine-choice-screen --unsafely-disable-devtools-self-xss-warnings --edge-skip-compat-layer-relaunch --disable-infobars --disable-search-engine-choice-screen --disable-sync --enable-unsafe-swiftshader --headless --hide-scrollbars --mute-audio --blink-settings=primaryHoverType=2,availableHoverTypes=2,primaryPointerType=4,availablePointerTypes=4 --no-sandbox --user-data-dir=<tmp>/playwright_chromiumdev_profile-CXrPKr --remote-debugging-pipe --no-startup-window
      - <launched> pid=75774
      - [pid=75774][err] [0918/110104.609430:ERROR:base/power_monitor/thermal_state_observer_mac.mm:140] ThermalStateObserverMac unable to register to power notifications. Result: 9
      - [pid=75774][err] [0918/110104.611529:ERROR:net/dns/dns_config_service_posix.cc:138] DNS config watch failed to start.
      - [pid=75774][err] [0918/110104.612033:FATAL:base/apple/mach_port_rendezvous_mac.cc:159] Check failed: kr == KERN_SUCCESS. bootstrap_check_in org.chromium.Chromium.MachPortRendezvousServer.75774: Permission denied (1100)
      - [pid=75774] <gracefully close start>
      - [pid=75774] <kill>
      - [pid=75774] <will force kill>
      - [pid=75774] exception while trying to kill process: Error: kill EPERM
      - [pid=75774] <process did exit: exitCode=null, signal=SIGTRAP>
      - [pid=75774] starting temporary directories cleanup
      - [pid=75774] finished temporary directories cleanup
      - [pid=75774] <gracefully close end>


    Error Context: test-results/harness-Desktop-and-mobile-718a5-essible-and-do-not-overflow/error-context.md

    attachment #2: trace (application/zip) ─────────────────────────────────────────────────────────
    test-results/harness-Desktop-and-mobile-718a5-essible-and-do-not-overflow/trace.zip
    Usage:

        npx playwright show-trace test-results/harness-Desktop-and-mobile-718a5-essible-and-do-not-overflow/trace.zip

    ────────────────────────────────────────────────────────────────────────────────────────────────

  3 failed
    e2e/harness.spec.ts:3:1 › Plan → parallel execution → acceptance → correction → acceptance preserves prior revision
    e2e/harness.spec.ts:43:1 › Operator can create a board, tasks and dependency; invalid cycle is explained
    e2e/harness.spec.ts:82:1 › Desktop and mobile views are accessible and do not overflow ─────────
  1 passed (21.6s)
