
> devcontour@0.3.0 test:e2e
> playwright test

[WebServer] (node:53527) Warning: The 'NO_COLOR' env is ignored due to the 'FORCE_COLOR' env being set.
[WebServer] (Use `node --trace-warnings ...` to show where the warning was created)
[WebServer] (node:53527) Warning: The 'NO_COLOR' env is ignored due to the 'FORCE_COLOR' env being set.
[WebServer] (Use `node --trace-warnings ...` to show where the warning was created)
[WebServer] (node:53527) ExperimentalWarning: SQLite is an experimental feature and might change at any time

Running 4 tests using 1 worker

(node:57631) Warning: The 'NO_COLOR' env is ignored due to the 'FORCE_COLOR' env being set.
(Use `node --trace-warnings ...` to show where the warning was created)
  ✘  1 e2e/harness.spec.ts:3:1 › Plan → parallel execution → acceptance → correction → acceptance preserves prior revision (0ms)
(node:57874) Warning: The 'NO_COLOR' env is ignored due to the 'FORCE_COLOR' env being set.
(Use `node --trace-warnings ...` to show where the warning was created)
  ✘  2 e2e/harness.spec.ts:43:1 › Operator can create a board, tasks and dependency; invalid cycle is explained (1ms)
(node:58090) Warning: The 'NO_COLOR' env is ignored due to the 'FORCE_COLOR' env being set.
(Use `node --trace-warnings ...` to show where the warning was created)
  ✘  3 e2e/harness.spec.ts:82:1 › Desktop and mobile views are accessible and do not overflow (0ms)
(node:58285) Warning: The 'NO_COLOR' env is ignored due to the 'FORCE_COLOR' env being set.
(Use `node --trace-warnings ...` to show where the warning was created)
  ✓  4 e2e/harness.spec.ts:101:1 › Local API rejects foreign origins and malformed changes (45ms)


  1) e2e/harness.spec.ts:3:1 › Plan → parallel execution → acceptance → correction → acceptance preserves prior revision

    Error: browserType.launch: Target page, context or browser has been closed
    Browser logs:

    <launching> <home>/Library/Caches/ms-playwright/chromium_headless_shell-1243/chrome-headless-shell-mac-arm64/chrome-headless-shell --disable-field-trial-config --disable-background-networking --disable-background-timer-throttling --disable-backgrounding-occluded-windows --disable-back-forward-cache --disable-breakpad --disable-client-side-phishing-detection --disable-component-extensions-with-background-pages --disable-component-update --no-default-browser-check --disable-default-apps --disable-dev-shm-usage --disable-edgeupdater --disable-extensions --disable-features=AvoidUnnecessaryBeforeUnloadCheckSync,DestroyProfileOnBrowserClose,DialMediaRouteProvider,GlobalMediaControls,HttpsUpgrades,LensOverlay,MediaRouter,PaintHolding,ThirdPartyStoragePartitioning,BlockOriginHeaderModificationOnRedirect,Translate,AutoDeElevate,OptimizationHints,msForceBrowserSignIn,msEdgeUpdateLaunchServicesPreferredVersion --enable-features=CDPScreenshotNewSurface --allow-pre-commit-input --disable-hang-monitor --disable-ipc-flooding-protection --disable-popup-blocking --disable-prompt-on-repost --disable-renderer-backgrounding --disable-updater-scheduler --force-color-profile=srgb --metrics-recording-only --no-first-run --password-store=basic --use-mock-keychain --no-service-autorun --export-tagged-pdf --disable-search-engine-choice-screen --unsafely-disable-devtools-self-xss-warnings --edge-skip-compat-layer-relaunch --disable-infobars --disable-search-engine-choice-screen --disable-sync --enable-unsafe-swiftshader --headless --hide-scrollbars --mute-audio --blink-settings=primaryHoverType=2,availableHoverTypes=2,primaryPointerType=4,availablePointerTypes=4 --no-sandbox --user-data-dir=<tmp>/playwright_chromiumdev_profile-CwfNCU --remote-debugging-pipe --no-startup-window
    <launched> pid=57743
    [pid=57743][err] [0918/120308.964086:ERROR:base/power_monitor/thermal_state_observer_mac.mm:140] ThermalStateObserverMac unable to register to power notifications. Result: 9
    [pid=57743][err] [0918/120308.983640:ERROR:net/dns/dns_config_service_posix.cc:138] DNS config watch failed to start.
    [pid=57743][err] [0918/120308.992927:FATAL:base/apple/mach_port_rendezvous_mac.cc:159] Check failed: kr == KERN_SUCCESS. bootstrap_check_in org.chromium.Chromium.MachPortRendezvousServer.57743: Permission denied (1100)
    [pid=57743] <process did exit: exitCode=null, signal=SIGTRAP>
    [pid=57743] starting temporary directories cleanup
    Call log:
      - <launching> <home>/Library/Caches/ms-playwright/chromium_headless_shell-1243/chrome-headless-shell-mac-arm64/chrome-headless-shell --disable-field-trial-config --disable-background-networking --disable-background-timer-throttling --disable-backgrounding-occluded-windows --disable-back-forward-cache --disable-breakpad --disable-client-side-phishing-detection --disable-component-extensions-with-background-pages --disable-component-update --no-default-browser-check --disable-default-apps --disable-dev-shm-usage --disable-edgeupdater --disable-extensions --disable-features=AvoidUnnecessaryBeforeUnloadCheckSync,DestroyProfileOnBrowserClose,DialMediaRouteProvider,GlobalMediaControls,HttpsUpgrades,LensOverlay,MediaRouter,PaintHolding,ThirdPartyStoragePartitioning,BlockOriginHeaderModificationOnRedirect,Translate,AutoDeElevate,OptimizationHints,msForceBrowserSignIn,msEdgeUpdateLaunchServicesPreferredVersion --enable-features=CDPScreenshotNewSurface --allow-pre-commit-input --disable-hang-monitor --disable-ipc-flooding-protection --disable-popup-blocking --disable-prompt-on-repost --disable-renderer-backgrounding --disable-updater-scheduler --force-color-profile=srgb --metrics-recording-only --no-first-run --password-store=basic --use-mock-keychain --no-service-autorun --export-tagged-pdf --disable-search-engine-choice-screen --unsafely-disable-devtools-self-xss-warnings --edge-skip-compat-layer-relaunch --disable-infobars --disable-search-engine-choice-screen --disable-sync --enable-unsafe-swiftshader --headless --hide-scrollbars --mute-audio --blink-settings=primaryHoverType=2,availableHoverTypes=2,primaryPointerType=4,availablePointerTypes=4 --no-sandbox --user-data-dir=<tmp>/playwright_chromiumdev_profile-CwfNCU --remote-debugging-pipe --no-startup-window
      - <launched> pid=57743
      - [pid=57743][err] [0918/120308.964086:ERROR:base/power_monitor/thermal_state_observer_mac.mm:140] ThermalStateObserverMac unable to register to power notifications. Result: 9
      - [pid=57743][err] [0918/120308.983640:ERROR:net/dns/dns_config_service_posix.cc:138] DNS config watch failed to start.
      - [pid=57743][err] [0918/120308.992927:FATAL:base/apple/mach_port_rendezvous_mac.cc:159] Check failed: kr == KERN_SUCCESS. bootstrap_check_in org.chromium.Chromium.MachPortRendezvousServer.57743: Permission denied (1100)
      - [pid=57743] <process did exit: exitCode=null, signal=SIGTRAP>
      - [pid=57743] starting temporary directories cleanup
      - [pid=57743] <gracefully close start>
      - [pid=57743] <kill>
      - [pid=57743] <skipped force kill spawnedProcess.killed=false processClosed=true>
      - [pid=57743] finished temporary directories cleanup
      - [pid=57743] <gracefully close end>


    Error Context: test-results/harness-Plan-→-parallel-ex-2a0cb-ce-preserves-prior-revision/error-context.md

    attachment #2: trace (application/zip) ─────────────────────────────────────────────────────────
    test-results/harness-Plan-→-parallel-ex-2a0cb-ce-preserves-prior-revision/trace.zip
    Usage:

        npx playwright show-trace test-results/harness-Plan-→-parallel-ex-2a0cb-ce-preserves-prior-revision/trace.zip

    ────────────────────────────────────────────────────────────────────────────────────────────────

  2) e2e/harness.spec.ts:43:1 › Operator can create a board, tasks and dependency; invalid cycle is explained

    Error: browserType.launch: Target page, context or browser has been closed
    Browser logs:

    <launching> <home>/Library/Caches/ms-playwright/chromium_headless_shell-1243/chrome-headless-shell-mac-arm64/chrome-headless-shell --disable-field-trial-config --disable-background-networking --disable-background-timer-throttling --disable-backgrounding-occluded-windows --disable-back-forward-cache --disable-breakpad --disable-client-side-phishing-detection --disable-component-extensions-with-background-pages --disable-component-update --no-default-browser-check --disable-default-apps --disable-dev-shm-usage --disable-edgeupdater --disable-extensions --disable-features=AvoidUnnecessaryBeforeUnloadCheckSync,DestroyProfileOnBrowserClose,DialMediaRouteProvider,GlobalMediaControls,HttpsUpgrades,LensOverlay,MediaRouter,PaintHolding,ThirdPartyStoragePartitioning,BlockOriginHeaderModificationOnRedirect,Translate,AutoDeElevate,OptimizationHints,msForceBrowserSignIn,msEdgeUpdateLaunchServicesPreferredVersion --enable-features=CDPScreenshotNewSurface --allow-pre-commit-input --disable-hang-monitor --disable-ipc-flooding-protection --disable-popup-blocking --disable-prompt-on-repost --disable-renderer-backgrounding --disable-updater-scheduler --force-color-profile=srgb --metrics-recording-only --no-first-run --password-store=basic --use-mock-keychain --no-service-autorun --export-tagged-pdf --disable-search-engine-choice-screen --unsafely-disable-devtools-self-xss-warnings --edge-skip-compat-layer-relaunch --disable-infobars --disable-search-engine-choice-screen --disable-sync --enable-unsafe-swiftshader --headless --hide-scrollbars --mute-audio --blink-settings=primaryHoverType=2,availableHoverTypes=2,primaryPointerType=4,availablePointerTypes=4 --no-sandbox --user-data-dir=<tmp>/playwright_chromiumdev_profile-NZxIO6 --remote-debugging-pipe --no-startup-window
    <launched> pid=58000
    [pid=58000][err] [0918/120309.836982:ERROR:base/power_monitor/thermal_state_observer_mac.mm:140] ThermalStateObserverMac unable to register to power notifications. Result: 9
    [pid=58000][err] [0918/120309.839673:ERROR:net/dns/dns_config_service_posix.cc:138] DNS config watch failed to start.
    [pid=58000][err] [0918/120309.840729:FATAL:base/apple/mach_port_rendezvous_mac.cc:159] Check failed: kr == KERN_SUCCESS. bootstrap_check_in org.chromium.Chromium.MachPortRendezvousServer.58000: Permission denied (1100)
    Call log:
      - <launching> <home>/Library/Caches/ms-playwright/chromium_headless_shell-1243/chrome-headless-shell-mac-arm64/chrome-headless-shell --disable-field-trial-config --disable-background-networking --disable-background-timer-throttling --disable-backgrounding-occluded-windows --disable-back-forward-cache --disable-breakpad --disable-client-side-phishing-detection --disable-component-extensions-with-background-pages --disable-component-update --no-default-browser-check --disable-default-apps --disable-dev-shm-usage --disable-edgeupdater --disable-extensions --disable-features=AvoidUnnecessaryBeforeUnloadCheckSync,DestroyProfileOnBrowserClose,DialMediaRouteProvider,GlobalMediaControls,HttpsUpgrades,LensOverlay,MediaRouter,PaintHolding,ThirdPartyStoragePartitioning,BlockOriginHeaderModificationOnRedirect,Translate,AutoDeElevate,OptimizationHints,msForceBrowserSignIn,msEdgeUpdateLaunchServicesPreferredVersion --enable-features=CDPScreenshotNewSurface --allow-pre-commit-input --disable-hang-monitor --disable-ipc-flooding-protection --disable-popup-blocking --disable-prompt-on-repost --disable-renderer-backgrounding --disable-updater-scheduler --force-color-profile=srgb --metrics-recording-only --no-first-run --password-store=basic --use-mock-keychain --no-service-autorun --export-tagged-pdf --disable-search-engine-choice-screen --unsafely-disable-devtools-self-xss-warnings --edge-skip-compat-layer-relaunch --disable-infobars --disable-search-engine-choice-screen --disable-sync --enable-unsafe-swiftshader --headless --hide-scrollbars --mute-audio --blink-settings=primaryHoverType=2,availableHoverTypes=2,primaryPointerType=4,availablePointerTypes=4 --no-sandbox --user-data-dir=<tmp>/playwright_chromiumdev_profile-NZxIO6 --remote-debugging-pipe --no-startup-window
      - <launched> pid=58000
      - [pid=58000][err] [0918/120309.836982:ERROR:base/power_monitor/thermal_state_observer_mac.mm:140] ThermalStateObserverMac unable to register to power notifications. Result: 9
      - [pid=58000][err] [0918/120309.839673:ERROR:net/dns/dns_config_service_posix.cc:138] DNS config watch failed to start.
      - [pid=58000][err] [0918/120309.840729:FATAL:base/apple/mach_port_rendezvous_mac.cc:159] Check failed: kr == KERN_SUCCESS. bootstrap_check_in org.chromium.Chromium.MachPortRendezvousServer.58000: Permission denied (1100)
      - [pid=58000] <gracefully close start>
      - [pid=58000] <kill>
      - [pid=58000] <will force kill>
      - [pid=58000] exception while trying to kill process: Error: kill EPERM
      - [pid=58000] <process did exit: exitCode=null, signal=SIGTRAP>
      - [pid=58000] starting temporary directories cleanup
      - [pid=58000] finished temporary directories cleanup
      - [pid=58000] <gracefully close end>


    Error Context: test-results/harness-Operator-can-creat-2bc62--invalid-cycle-is-explained/error-context.md

    attachment #2: trace (application/zip) ─────────────────────────────────────────────────────────
    test-results/harness-Operator-can-creat-2bc62--invalid-cycle-is-explained/trace.zip
    Usage:

        npx playwright show-trace test-results/harness-Operator-can-creat-2bc62--invalid-cycle-is-explained/trace.zip

    ────────────────────────────────────────────────────────────────────────────────────────────────

  3) e2e/harness.spec.ts:82:1 › Desktop and mobile views are accessible and do not overflow ────────

    Error: browserType.launch: Target page, context or browser has been closed
    Browser logs:

    <launching> <home>/Library/Caches/ms-playwright/chromium_headless_shell-1243/chrome-headless-shell-mac-arm64/chrome-headless-shell --disable-field-trial-config --disable-background-networking --disable-background-timer-throttling --disable-backgrounding-occluded-windows --disable-back-forward-cache --disable-breakpad --disable-client-side-phishing-detection --disable-component-extensions-with-background-pages --disable-component-update --no-default-browser-check --disable-default-apps --disable-dev-shm-usage --disable-edgeupdater --disable-extensions --disable-features=AvoidUnnecessaryBeforeUnloadCheckSync,DestroyProfileOnBrowserClose,DialMediaRouteProvider,GlobalMediaControls,HttpsUpgrades,LensOverlay,MediaRouter,PaintHolding,ThirdPartyStoragePartitioning,BlockOriginHeaderModificationOnRedirect,Translate,AutoDeElevate,OptimizationHints,msForceBrowserSignIn,msEdgeUpdateLaunchServicesPreferredVersion --enable-features=CDPScreenshotNewSurface --allow-pre-commit-input --disable-hang-monitor --disable-ipc-flooding-protection --disable-popup-blocking --disable-prompt-on-repost --disable-renderer-backgrounding --disable-updater-scheduler --force-color-profile=srgb --metrics-recording-only --no-first-run --password-store=basic --use-mock-keychain --no-service-autorun --export-tagged-pdf --disable-search-engine-choice-screen --unsafely-disable-devtools-self-xss-warnings --edge-skip-compat-layer-relaunch --disable-infobars --disable-search-engine-choice-screen --disable-sync --enable-unsafe-swiftshader --headless --hide-scrollbars --mute-audio --blink-settings=primaryHoverType=2,availableHoverTypes=2,primaryPointerType=4,availablePointerTypes=4 --no-sandbox --user-data-dir=<tmp>/playwright_chromiumdev_profile-EKJA10 --remote-debugging-pipe --no-startup-window
    <launched> pid=58202
    [pid=58202][err] [0918/120310.628757:ERROR:base/power_monitor/thermal_state_observer_mac.mm:140] ThermalStateObserverMac unable to register to power notifications. Result: 9
    [pid=58202][err] [0918/120310.630645:ERROR:net/dns/dns_config_service_posix.cc:138] DNS config watch failed to start.
    [pid=58202][err] [0918/120310.631162:FATAL:base/apple/mach_port_rendezvous_mac.cc:159] Check failed: kr == KERN_SUCCESS. bootstrap_check_in org.chromium.Chromium.MachPortRendezvousServer.58202: Permission denied (1100)
    Call log:
      - <launching> <home>/Library/Caches/ms-playwright/chromium_headless_shell-1243/chrome-headless-shell-mac-arm64/chrome-headless-shell --disable-field-trial-config --disable-background-networking --disable-background-timer-throttling --disable-backgrounding-occluded-windows --disable-back-forward-cache --disable-breakpad --disable-client-side-phishing-detection --disable-component-extensions-with-background-pages --disable-component-update --no-default-browser-check --disable-default-apps --disable-dev-shm-usage --disable-edgeupdater --disable-extensions --disable-features=AvoidUnnecessaryBeforeUnloadCheckSync,DestroyProfileOnBrowserClose,DialMediaRouteProvider,GlobalMediaControls,HttpsUpgrades,LensOverlay,MediaRouter,PaintHolding,ThirdPartyStoragePartitioning,BlockOriginHeaderModificationOnRedirect,Translate,AutoDeElevate,OptimizationHints,msForceBrowserSignIn,msEdgeUpdateLaunchServicesPreferredVersion --enable-features=CDPScreenshotNewSurface --allow-pre-commit-input --disable-hang-monitor --disable-ipc-flooding-protection --disable-popup-blocking --disable-prompt-on-repost --disable-renderer-backgrounding --disable-updater-scheduler --force-color-profile=srgb --metrics-recording-only --no-first-run --password-store=basic --use-mock-keychain --no-service-autorun --export-tagged-pdf --disable-search-engine-choice-screen --unsafely-disable-devtools-self-xss-warnings --edge-skip-compat-layer-relaunch --disable-infobars --disable-search-engine-choice-screen --disable-sync --enable-unsafe-swiftshader --headless --hide-scrollbars --mute-audio --blink-settings=primaryHoverType=2,availableHoverTypes=2,primaryPointerType=4,availablePointerTypes=4 --no-sandbox --user-data-dir=<tmp>/playwright_chromiumdev_profile-EKJA10 --remote-debugging-pipe --no-startup-window
      - <launched> pid=58202
      - [pid=58202][err] [0918/120310.628757:ERROR:base/power_monitor/thermal_state_observer_mac.mm:140] ThermalStateObserverMac unable to register to power notifications. Result: 9
      - [pid=58202][err] [0918/120310.630645:ERROR:net/dns/dns_config_service_posix.cc:138] DNS config watch failed to start.
      - [pid=58202][err] [0918/120310.631162:FATAL:base/apple/mach_port_rendezvous_mac.cc:159] Check failed: kr == KERN_SUCCESS. bootstrap_check_in org.chromium.Chromium.MachPortRendezvousServer.58202: Permission denied (1100)
      - [pid=58202] <gracefully close start>
      - [pid=58202] <kill>
      - [pid=58202] <will force kill>
      - [pid=58202] exception while trying to kill process: Error: kill EPERM
      - [pid=58202] <process did exit: exitCode=null, signal=SIGTRAP>
      - [pid=58202] starting temporary directories cleanup
      - [pid=58202] finished temporary directories cleanup
      - [pid=58202] <gracefully close end>


    Error Context: test-results/harness-Desktop-and-mobile-718a5-essible-and-do-not-overflow/error-context.md

    attachment #2: trace (application/zip) ─────────────────────────────────────────────────────────
    test-results/harness-Desktop-and-mobile-718a5-essible-and-do-not-overflow/trace.zip
    Usage:

        npx playwright show-trace test-results/harness-Desktop-and-mobile-718a5-essible-and-do-not-overflow/trace.zip

    ────────────────────────────────────────────────────────────────────────────────────────────────

  3 failed
    e2e/harness.spec.ts:3:1 › Plan → parallel execution → acceptance → correction → acceptance preserves prior revision
    e2e/harness.spec.ts:43:1 › Operator can create a board, tasks and dependency; invalid cycle is explained
    e2e/harness.spec.ts:82:1 › Desktop and mobile views are accessible and do not overflow ─────────
  1 passed (20.1s)
