
> harness-template@0.1.0 check
> npm run lint && npm run build && npm test && npm run test:e2e


> harness-template@0.1.0 lint
> node scripts/check-tokens.mjs

Semantic color tokens: OK

> harness-template@0.1.0 build
> npm run typecheck && vite build


> harness-template@0.1.0 typecheck
> tsc --noEmit

vite v8.3.0 building client environment for production...
transforming...
✓ 2121 modules transformed.
rendering chunks...
computing gzip size...
dist/index.html                   0.45 kB │ gzip:   0.31 kB
dist/assets/index-CTe3SFv9.css   35.69 kB │ gzip:   6.48 kB
dist/assets/index-D8iRG31b.js   529.01 kB │ gzip: 162.51 kB

[plugin builtin:vite-reporter] 
(!) Some chunks are larger than 500 kB after minification. Consider:
- Using dynamic import() to code-split the application
- Use build.rolldownOptions.output.codeSplitting to improve chunking: https://rolldown.rs/reference/OutputOptions.codeSplitting
- Adjust chunk size limit for this warning via build.chunkSizeWarningLimit.
✓ built in 321ms

> harness-template@0.1.0 test
> node --import tsx --test tests/*.test.ts

(node:79732) ExperimentalWarning: SQLite is an experimental feature and might change at any time
(Use `node --trace-warnings ...` to show where the warning was created)
✔ Agent contracts require another runtime, retain review proof and deduplicate repeated content (21.348ms)
✔ Operator mode reviews but does not register contracts or approve draft tasks (12.601875ms)
✔ Blocking findings reject even approved=true and do not enable execution (40.758542ms)
✔ Agent plan approval is bound to reviewed specifications and preserves contract requirements (32.725625ms)
✔ Agent cannot accept a board containing unverified work (4.2415ms)
(node:79733) ExperimentalWarning: SQLite is an experimental feature and might change at any time
(Use `node --trace-warnings ...` to show where the warning was created)
✔ Every pinned profile has an executable test gate and mobile limits concurrency (35.119875ms)
✔ Local config rejects same-runtime self-review, demo adapters and escaping reports (5.037083ms)
(node:79734) ExperimentalWarning: SQLite is an experimental feature and might change at any time
(Use `node --trace-warnings ...` to show where the warning was created)
✔ DAG rejects cycles and missing dependencies atomically (19.906333ms)
✔ Approval binds contracts and spec; dependent jobs wait for accepted predecessor (12.723667ms)
✔ Concurrent store clients cannot claim one task twice (5.457666ms)
✔ Expired attempts are fenced, retries get fresh run IDs and tokens (7.641541ms)
✔ Done requires exact SHA test evidence and independent review for BOTH phases (7.1395ms)
✔ Correction makes a new transitive chain and preserves immutable accepted snapshot (51.66575ms)
✔ Cross-board impact is included in correction, unrelated tasks keep their results (22.744666ms)
✔ Board acceptance rejects empty, incomplete and unapproved tasks (4.30725ms)
✔ Cancelled runs cannot publish and cancelled drafts can return to draft (5.545417ms)
✔ Optimistic draft editing rejects stale client and atomic publish failure cannot mark done (6.023875ms)
✔ Plan import accepts forward references, rejects cycles without partial writes (4.164541ms)
✔ Contract approval is a real gate: architecture can start while implementation stays draft (4.383333ms)
✔ Repeated partial correction follows current replacements, never clones superseded history again (13.034208ms)
✔ Mixed runtimes route every role to its independent reviewer and retain configured model (4.125458ms)
(node:79735) ExperimentalWarning: SQLite is an experimental feature and might change at any time
(Use `node --trace-warnings ...` to show where the warning was created)
✔ Loopback API rejects cross-origin writes, validates input and survives missing assets (51.020667ms)
(node:79736) ExperimentalWarning: SQLite is an experimental feature and might change at any time
(Use `node --trace-warnings ...` to show where the warning was created)
✔ Real git pipeline integrates concurrent siblings and verifies every candidate and merged SHA (86529.541ms)
✔ A missing required tool fails closed and never advances integration ref (12543.652292ms)
✔ A reviewer refusal blocks publication (13352.371625ms)
✔ Changes to gate policy files are rejected before commit (11575.516833ms)
✔ Crash after Git publication is reconciled from persisted evidence without running models again (31860.263833ms)
✔ JUnit rejects empty/malformed reports and distinguishes skipped tests from pass (0.87475ms)
✔ CLI adapters use structured outputs, stdin prompts and restricted review permissions (0.10125ms)
✔ Process timeout interrupts actual child processes (84.118792ms)
✔ Setup starts from only a Markdown spec, copies hidden roles and pins an agent-mode config (517.394125ms)
✔ Setup preserves existing files and explicit operator mode across repeated preparation (1455.004667ms)
✔ Setup rejects escaping symlinks and invalid specs before copying any rules (298.0345ms)
✔ Setup refuses an accidental child of another real Git repository (762.51825ms)
✔ CLI setup defaults to the product state and does not bootstrap a demo (986.951375ms)
(node:79738) ExperimentalWarning: SQLite is an experimental feature and might change at any time
(Use `node --trace-warnings ...` to show where the warning was created)
✔ Real multi-repo DAG, isolated ownership, failing then passing pinned integration and immutable diary (43444.211875ms)
✔ Verification fences expired runs, stops task claims, checks gate coverage and rejects changed policy (10.557167ms)
✔ Workspace gates cannot change manifest or another component source (14761.17425ms)
✔ Workspace setup preserves policy on repeat and detects a competing controller (8771.996042ms)
✔ Projection failure never rolls back an already committed task event (3.482709ms)
ℹ tests 40
ℹ suites 0
ℹ pass 40
ℹ fail 0
ℹ cancelled 0
ℹ skipped 0
ℹ todo 0
ℹ duration_ms 156414.429917

> harness-template@0.1.0 test:e2e
> playwright test

[WebServer] (node:7204) Warning: The 'NO_COLOR' env is ignored due to the 'FORCE_COLOR' env being set.
[WebServer] (Use `node --trace-warnings ...` to show where the warning was created)
[WebServer] (node:7204) Warning: The 'NO_COLOR' env is ignored due to the 'FORCE_COLOR' env being set.
[WebServer] (Use `node --trace-warnings ...` to show where the warning was created)
[WebServer] (node:7204) ExperimentalWarning: SQLite is an experimental feature and might change at any time

Running 4 tests using 1 worker

(node:9524) Warning: The 'NO_COLOR' env is ignored due to the 'FORCE_COLOR' env being set.
(Use `node --trace-warnings ...` to show where the warning was created)
  ✘  1 e2e/harness.spec.ts:3:1 › Plan → parallel execution → acceptance → correction → acceptance preserves prior revision (1ms)
(node:9526) Warning: The 'NO_COLOR' env is ignored due to the 'FORCE_COLOR' env being set.
(Use `node --trace-warnings ...` to show where the warning was created)
  ✘  2 e2e/harness.spec.ts:40:1 › Operator can create a board, tasks and dependency; invalid cycle is explained (0ms)
(node:9529) Warning: The 'NO_COLOR' env is ignored due to the 'FORCE_COLOR' env being set.
(Use `node --trace-warnings ...` to show where the warning was created)
  ✘  3 e2e/harness.spec.ts:79:1 › Desktop and mobile views are accessible and do not overflow (0ms)
(node:9531) Warning: The 'NO_COLOR' env is ignored due to the 'FORCE_COLOR' env being set.
(Use `node --trace-warnings ...` to show where the warning was created)
  ✓  4 e2e/harness.spec.ts:98:1 › Local API rejects foreign origins and malformed changes (25ms)


  1) e2e/harness.spec.ts:3:1 › Plan → parallel execution → acceptance → correction → acceptance preserves prior revision 

    Error: browserType.launch: Target page, context or browser has been closed
    Browser logs:

    <launching> <home>/Library/Caches/ms-playwright/chromium_headless_shell-1243/chrome-headless-shell-mac-arm64/chrome-headless-shell --disable-field-trial-config --disable-background-networking --disable-background-timer-throttling --disable-backgrounding-occluded-windows --disable-back-forward-cache --disable-breakpad --disable-client-side-phishing-detection --disable-component-extensions-with-background-pages --disable-component-update --no-default-browser-check --disable-default-apps --disable-dev-shm-usage --disable-edgeupdater --disable-extensions --disable-features=AvoidUnnecessaryBeforeUnloadCheckSync,DestroyProfileOnBrowserClose,DialMediaRouteProvider,GlobalMediaControls,HttpsUpgrades,LensOverlay,MediaRouter,PaintHolding,ThirdPartyStoragePartitioning,BlockOriginHeaderModificationOnRedirect,Translate,AutoDeElevate,OptimizationHints,msForceBrowserSignIn,msEdgeUpdateLaunchServicesPreferredVersion --enable-features=CDPScreenshotNewSurface --allow-pre-commit-input --disable-hang-monitor --disable-ipc-flooding-protection --disable-popup-blocking --disable-prompt-on-repost --disable-renderer-backgrounding --disable-updater-scheduler --force-color-profile=srgb --metrics-recording-only --no-first-run --password-store=basic --use-mock-keychain --no-service-autorun --export-tagged-pdf --disable-search-engine-choice-screen --unsafely-disable-devtools-self-xss-warnings --edge-skip-compat-layer-relaunch --disable-infobars --disable-search-engine-choice-screen --disable-sync --enable-unsafe-swiftshader --headless --hide-scrollbars --mute-audio --blink-settings=primaryHoverType=2,availableHoverTypes=2,primaryPointerType=4,availablePointerTypes=4 --no-sandbox --user-data-dir=<tmp>/playwright_chromiumdev_profile-IK69Mx --remote-debugging-pipe --no-startup-window
    <launched> pid=9525
    [pid=9525][err] [0916/213948.158057:ERROR:base/power_monitor/thermal_state_observer_mac.mm:140] ThermalStateObserverMac unable to register to power notifications. Result: 9
    [pid=9525][err] [0916/213948.179330:ERROR:net/dns/dns_config_service_posix.cc:138] DNS config watch failed to start.
    [pid=9525][err] [0916/213948.190677:FATAL:base/apple/mach_port_rendezvous_mac.cc:159] Check failed: kr == KERN_SUCCESS. bootstrap_check_in org.chromium.Chromium.MachPortRendezvousServer.9525: Permission denied (1100)
    Call log:
      - <launching> <home>/Library/Caches/ms-playwright/chromium_headless_shell-1243/chrome-headless-shell-mac-arm64/chrome-headless-shell --disable-field-trial-config --disable-background-networking --disable-background-timer-throttling --disable-backgrounding-occluded-windows --disable-back-forward-cache --disable-breakpad --disable-client-side-phishing-detection --disable-component-extensions-with-background-pages --disable-component-update --no-default-browser-check --disable-default-apps --disable-dev-shm-usage --disable-edgeupdater --disable-extensions --disable-features=AvoidUnnecessaryBeforeUnloadCheckSync,DestroyProfileOnBrowserClose,DialMediaRouteProvider,GlobalMediaControls,HttpsUpgrades,LensOverlay,MediaRouter,PaintHolding,ThirdPartyStoragePartitioning,BlockOriginHeaderModificationOnRedirect,Translate,AutoDeElevate,OptimizationHints,msForceBrowserSignIn,msEdgeUpdateLaunchServicesPreferredVersion --enable-features=CDPScreenshotNewSurface --allow-pre-commit-input --disable-hang-monitor --disable-ipc-flooding-protection --disable-popup-blocking --disable-prompt-on-repost --disable-renderer-backgrounding --disable-updater-scheduler --force-color-profile=srgb --metrics-recording-only --no-first-run --password-store=basic --use-mock-keychain --no-service-autorun --export-tagged-pdf --disable-search-engine-choice-screen --unsafely-disable-devtools-self-xss-warnings --edge-skip-compat-layer-relaunch --disable-infobars --disable-search-engine-choice-screen --disable-sync --enable-unsafe-swiftshader --headless --hide-scrollbars --mute-audio --blink-settings=primaryHoverType=2,availableHoverTypes=2,primaryPointerType=4,availablePointerTypes=4 --no-sandbox --user-data-dir=<tmp>/playwright_chromiumdev_profile-IK69Mx --remote-debugging-pipe --no-startup-window
      - <launched> pid=9525
      - [pid=9525][err] [0916/213948.158057:ERROR:base/power_monitor/thermal_state_observer_mac.mm:140] ThermalStateObserverMac unable to register to power notifications. Result: 9
      - [pid=9525][err] [0916/213948.179330:ERROR:net/dns/dns_config_service_posix.cc:138] DNS config watch failed to start.
      - [pid=9525][err] [0916/213948.190677:FATAL:base/apple/mach_port_rendezvous_mac.cc:159] Check failed: kr == KERN_SUCCESS. bootstrap_check_in org.chromium.Chromium.MachPortRendezvousServer.9525: Permission denied (1100)
      - [pid=9525] <gracefully close start>
      - [pid=9525] <kill>
      - [pid=9525] <will force kill>
      - [pid=9525] exception while trying to kill process: Error: kill EPERM
      - [pid=9525] <process did exit: exitCode=null, signal=SIGTRAP>
      - [pid=9525] starting temporary directories cleanup
      - [pid=9525] finished temporary directories cleanup
      - [pid=9525] <gracefully close end>


    Error Context: test-results/harness-Plan-→-parallel-ex-2a0cb-ce-preserves-prior-revision/error-context.md

    attachment #2: trace (application/zip) ─────────────────────────────────────────────────────────
    test-results/harness-Plan-→-parallel-ex-2a0cb-ce-preserves-prior-revision/trace.zip
    Usage:

        npx playwright show-trace test-results/harness-Plan-→-parallel-ex-2a0cb-ce-preserves-prior-revision/trace.zip

    ────────────────────────────────────────────────────────────────────────────────────────────────

  2) e2e/harness.spec.ts:40:1 › Operator can create a board, tasks and dependency; invalid cycle is explained 

    Error: browserType.launch: Target page, context or browser has been closed
    Browser logs:

    <launching> <home>/Library/Caches/ms-playwright/chromium_headless_shell-1243/chrome-headless-shell-mac-arm64/chrome-headless-shell --disable-field-trial-config --disable-background-networking --disable-background-timer-throttling --disable-backgrounding-occluded-windows --disable-back-forward-cache --disable-breakpad --disable-client-side-phishing-detection --disable-component-extensions-with-background-pages --disable-component-update --no-default-browser-check --disable-default-apps --disable-dev-shm-usage --disable-edgeupdater --disable-extensions --disable-features=AvoidUnnecessaryBeforeUnloadCheckSync,DestroyProfileOnBrowserClose,DialMediaRouteProvider,GlobalMediaControls,HttpsUpgrades,LensOverlay,MediaRouter,PaintHolding,ThirdPartyStoragePartitioning,BlockOriginHeaderModificationOnRedirect,Translate,AutoDeElevate,OptimizationHints,msForceBrowserSignIn,msEdgeUpdateLaunchServicesPreferredVersion --enable-features=CDPScreenshotNewSurface --allow-pre-commit-input --disable-hang-monitor --disable-ipc-flooding-protection --disable-popup-blocking --disable-prompt-on-repost --disable-renderer-backgrounding --disable-updater-scheduler --force-color-profile=srgb --metrics-recording-only --no-first-run --password-store=basic --use-mock-keychain --no-service-autorun --export-tagged-pdf --disable-search-engine-choice-screen --unsafely-disable-devtools-self-xss-warnings --edge-skip-compat-layer-relaunch --disable-infobars --disable-search-engine-choice-screen --disable-sync --enable-unsafe-swiftshader --headless --hide-scrollbars --mute-audio --blink-settings=primaryHoverType=2,availableHoverTypes=2,primaryPointerType=4,availablePointerTypes=4 --no-sandbox --user-data-dir=<tmp>/playwright_chromiumdev_profile-ws4Sdx --remote-debugging-pipe --no-startup-window
    <launched> pid=9527
    [pid=9527][err] [0916/213948.982691:ERROR:base/power_monitor/thermal_state_observer_mac.mm:140] ThermalStateObserverMac unable to register to power notifications. Result: 9
    [pid=9527][err] [0916/213948.990364:ERROR:net/dns/dns_config_service_posix.cc:138] DNS config watch failed to start.
    [pid=9527][err] [0916/213948.991350:FATAL:base/apple/mach_port_rendezvous_mac.cc:159] Check failed: kr == KERN_SUCCESS. bootstrap_check_in org.chromium.Chromium.MachPortRendezvousServer.9527: Permission denied (1100)
    Call log:
      - <launching> <home>/Library/Caches/ms-playwright/chromium_headless_shell-1243/chrome-headless-shell-mac-arm64/chrome-headless-shell --disable-field-trial-config --disable-background-networking --disable-background-timer-throttling --disable-backgrounding-occluded-windows --disable-back-forward-cache --disable-breakpad --disable-client-side-phishing-detection --disable-component-extensions-with-background-pages --disable-component-update --no-default-browser-check --disable-default-apps --disable-dev-shm-usage --disable-edgeupdater --disable-extensions --disable-features=AvoidUnnecessaryBeforeUnloadCheckSync,DestroyProfileOnBrowserClose,DialMediaRouteProvider,GlobalMediaControls,HttpsUpgrades,LensOverlay,MediaRouter,PaintHolding,ThirdPartyStoragePartitioning,BlockOriginHeaderModificationOnRedirect,Translate,AutoDeElevate,OptimizationHints,msForceBrowserSignIn,msEdgeUpdateLaunchServicesPreferredVersion --enable-features=CDPScreenshotNewSurface --allow-pre-commit-input --disable-hang-monitor --disable-ipc-flooding-protection --disable-popup-blocking --disable-prompt-on-repost --disable-renderer-backgrounding --disable-updater-scheduler --force-color-profile=srgb --metrics-recording-only --no-first-run --password-store=basic --use-mock-keychain --no-service-autorun --export-tagged-pdf --disable-search-engine-choice-screen --unsafely-disable-devtools-self-xss-warnings --edge-skip-compat-layer-relaunch --disable-infobars --disable-search-engine-choice-screen --disable-sync --enable-unsafe-swiftshader --headless --hide-scrollbars --mute-audio --blink-settings=primaryHoverType=2,availableHoverTypes=2,primaryPointerType=4,availablePointerTypes=4 --no-sandbox --user-data-dir=<tmp>/playwright_chromiumdev_profile-ws4Sdx --remote-debugging-pipe --no-startup-window
      - <launched> pid=9527
      - [pid=9527][err] [0916/213948.982691:ERROR:base/power_monitor/thermal_state_observer_mac.mm:140] ThermalStateObserverMac unable to register to power notifications. Result: 9
      - [pid=9527][err] [0916/213948.990364:ERROR:net/dns/dns_config_service_posix.cc:138] DNS config watch failed to start.
      - [pid=9527][err] [0916/213948.991350:FATAL:base/apple/mach_port_rendezvous_mac.cc:159] Check failed: kr == KERN_SUCCESS. bootstrap_check_in org.chromium.Chromium.MachPortRendezvousServer.9527: Permission denied (1100)
      - [pid=9527] <gracefully close start>
      - [pid=9527] <kill>
      - [pid=9527] <will force kill>
      - [pid=9527] exception while trying to kill process: Error: kill EPERM
      - [pid=9527] <process did exit: exitCode=null, signal=SIGTRAP>
      - [pid=9527] starting temporary directories cleanup
      - [pid=9527] finished temporary directories cleanup
      - [pid=9527] <gracefully close end>


    Error Context: test-results/harness-Operator-can-creat-2bc62--invalid-cycle-is-explained/error-context.md

    attachment #2: trace (application/zip) ─────────────────────────────────────────────────────────
    test-results/harness-Operator-can-creat-2bc62--invalid-cycle-is-explained/trace.zip
    Usage:

        npx playwright show-trace test-results/harness-Operator-can-creat-2bc62--invalid-cycle-is-explained/trace.zip

    ────────────────────────────────────────────────────────────────────────────────────────────────

  3) e2e/harness.spec.ts:79:1 › Desktop and mobile views are accessible and do not overflow ────────

    Error: browserType.launch: Target page, context or browser has been closed
    Browser logs:

    <launching> <home>/Library/Caches/ms-playwright/chromium_headless_shell-1243/chrome-headless-shell-mac-arm64/chrome-headless-shell --disable-field-trial-config --disable-background-networking --disable-background-timer-throttling --disable-backgrounding-occluded-windows --disable-back-forward-cache --disable-breakpad --disable-client-side-phishing-detection --disable-component-extensions-with-background-pages --disable-component-update --no-default-browser-check --disable-default-apps --disable-dev-shm-usage --disable-edgeupdater --disable-extensions --disable-features=AvoidUnnecessaryBeforeUnloadCheckSync,DestroyProfileOnBrowserClose,DialMediaRouteProvider,GlobalMediaControls,HttpsUpgrades,LensOverlay,MediaRouter,PaintHolding,ThirdPartyStoragePartitioning,BlockOriginHeaderModificationOnRedirect,Translate,AutoDeElevate,OptimizationHints,msForceBrowserSignIn,msEdgeUpdateLaunchServicesPreferredVersion --enable-features=CDPScreenshotNewSurface --allow-pre-commit-input --disable-hang-monitor --disable-ipc-flooding-protection --disable-popup-blocking --disable-prompt-on-repost --disable-renderer-backgrounding --disable-updater-scheduler --force-color-profile=srgb --metrics-recording-only --no-first-run --password-store=basic --use-mock-keychain --no-service-autorun --export-tagged-pdf --disable-search-engine-choice-screen --unsafely-disable-devtools-self-xss-warnings --edge-skip-compat-layer-relaunch --disable-infobars --disable-search-engine-choice-screen --disable-sync --enable-unsafe-swiftshader --headless --hide-scrollbars --mute-audio --blink-settings=primaryHoverType=2,availableHoverTypes=2,primaryPointerType=4,availablePointerTypes=4 --no-sandbox --user-data-dir=<tmp>/playwright_chromiumdev_profile-tXpWL2 --remote-debugging-pipe --no-startup-window
    <launched> pid=9530
    [pid=9530][err] [0916/213949.774151:ERROR:base/power_monitor/thermal_state_observer_mac.mm:140] ThermalStateObserverMac unable to register to power notifications. Result: 9
    [pid=9530][err] [0916/213949.776157:ERROR:net/dns/dns_config_service_posix.cc:138] DNS config watch failed to start.
    [pid=9530][err] [0916/213949.776881:FATAL:base/apple/mach_port_rendezvous_mac.cc:159] Check failed: kr == KERN_SUCCESS. bootstrap_check_in org.chromium.Chromium.MachPortRendezvousServer.9530: Permission denied (1100)
    Call log:
      - <launching> <home>/Library/Caches/ms-playwright/chromium_headless_shell-1243/chrome-headless-shell-mac-arm64/chrome-headless-shell --disable-field-trial-config --disable-background-networking --disable-background-timer-throttling --disable-backgrounding-occluded-windows --disable-back-forward-cache --disable-breakpad --disable-client-side-phishing-detection --disable-component-extensions-with-background-pages --disable-component-update --no-default-browser-check --disable-default-apps --disable-dev-shm-usage --disable-edgeupdater --disable-extensions --disable-features=AvoidUnnecessaryBeforeUnloadCheckSync,DestroyProfileOnBrowserClose,DialMediaRouteProvider,GlobalMediaControls,HttpsUpgrades,LensOverlay,MediaRouter,PaintHolding,ThirdPartyStoragePartitioning,BlockOriginHeaderModificationOnRedirect,Translate,AutoDeElevate,OptimizationHints,msForceBrowserSignIn,msEdgeUpdateLaunchServicesPreferredVersion --enable-features=CDPScreenshotNewSurface --allow-pre-commit-input --disable-hang-monitor --disable-ipc-flooding-protection --disable-popup-blocking --disable-prompt-on-repost --disable-renderer-backgrounding --disable-updater-scheduler --force-color-profile=srgb --metrics-recording-only --no-first-run --password-store=basic --use-mock-keychain --no-service-autorun --export-tagged-pdf --disable-search-engine-choice-screen --unsafely-disable-devtools-self-xss-warnings --edge-skip-compat-layer-relaunch --disable-infobars --disable-search-engine-choice-screen --disable-sync --enable-unsafe-swiftshader --headless --hide-scrollbars --mute-audio --blink-settings=primaryHoverType=2,availableHoverTypes=2,primaryPointerType=4,availablePointerTypes=4 --no-sandbox --user-data-dir=<tmp>/playwright_chromiumdev_profile-tXpWL2 --remote-debugging-pipe --no-startup-window
      - <launched> pid=9530
      - [pid=9530][err] [0916/213949.774151:ERROR:base/power_monitor/thermal_state_observer_mac.mm:140] ThermalStateObserverMac unable to register to power notifications. Result: 9
      - [pid=9530][err] [0916/213949.776157:ERROR:net/dns/dns_config_service_posix.cc:138] DNS config watch failed to start.
      - [pid=9530][err] [0916/213949.776881:FATAL:base/apple/mach_port_rendezvous_mac.cc:159] Check failed: kr == KERN_SUCCESS. bootstrap_check_in org.chromium.Chromium.MachPortRendezvousServer.9530: Permission denied (1100)
      - [pid=9530] <gracefully close start>
      - [pid=9530] <kill>
      - [pid=9530] <will force kill>
      - [pid=9530] exception while trying to kill process: Error: kill EPERM
      - [pid=9530] <process did exit: exitCode=null, signal=SIGTRAP>
      - [pid=9530] starting temporary directories cleanup
      - [pid=9530] finished temporary directories cleanup
      - [pid=9530] <gracefully close end>


    Error Context: test-results/harness-Desktop-and-mobile-718a5-essible-and-do-not-overflow/error-context.md

    attachment #2: trace (application/zip) ─────────────────────────────────────────────────────────
    test-results/harness-Desktop-and-mobile-718a5-essible-and-do-not-overflow/trace.zip
    Usage:

        npx playwright show-trace test-results/harness-Desktop-and-mobile-718a5-essible-and-do-not-overflow/trace.zip

    ────────────────────────────────────────────────────────────────────────────────────────────────

  3 failed
    e2e/harness.spec.ts:3:1 › Plan → parallel execution → acceptance → correction → acceptance preserves prior revision 
    e2e/harness.spec.ts:40:1 › Operator can create a board, tasks and dependency; invalid cycle is explained 
    e2e/harness.spec.ts:79:1 › Desktop and mobile views are accessible and do not overflow ─────────
  1 passed (18.9s)
